
> cobol-graph-explorer@0.1.0 test:e2e
> playwright test

[WebServer] (node:1123419) Warning: The 'NO_COLOR' env is ignored due to the 'FORCE_COLOR' env being set.
[WebServer] (Use `node --trace-warnings ...` to show where the warning was created)

Running 34 tests using 1 worker

(node:1123438) Warning: The 'NO_COLOR' env is ignored due to the 'FORCE_COLOR' env being set.
(Use `node --trace-warnings ...` to show where the warning was created)
  ✓   1 e2e/carddemo.spec.ts:3:1 › real COACTUPC: graph, COPY, source evidence, FILE limits, paths and paragraphs (15.0s)
  ✓   2 e2e/explorer.spec.ts:11:1 › call navigation, provenance, candidates, paths, witness, source and debug (1.7s)
  ✓   3 e2e/explorer.spec.ts:42:1 › search, paragraph navigation and local neighborhood (1.8s)
  ✓   4 e2e/explorer.spec.ts:59:1 › 503 node graph stays navigable and limits DOM to viewport (4.1s)
  ✓   5 e2e/explorer.spec.ts:74:1 › nested program entry switches exact identity scopes (880ms)
  ✓   6 e2e/explorer.spec.ts:85:1 › import real bundle; malformed and mismatched files preserve the current program (1.0s)
  ✓   7 e2e/explorer.spec.ts:110:1 › local files remain local; no unexpected network destination (850ms)
  ✓   8 e2e/explorer.spec.ts:119:1 › keyboard selection and tablet width keep program tools available (1.0s)
  ✓   9 e2e/explorer.spec.ts:134:1 › Back restores paragraph, selection and exact viewport after highlighting paths (2.1s)
  ✓  10 e2e/explorer.spec.ts:165:1 › full source pane follows selection, supports COPY and closes without changing the graph (1.3s)
  ✘  11 e2e/explorer.spec.ts:200:1 › FILE values, producer navigation, SYSID, source pane and control paths (6.7s)
(node:1124018) Warning: The 'NO_COLOR' env is ignored due to the 'FORCE_COLOR' env being set.
(Use `node --trace-warnings ...` to show where the warning was created)
  ✓  12 e2e/explorer.spec.ts:231:1 › source pane fits a tablet and reports a missing original instead of substituting expanded text (1.3s)
  ✓  13 e2e/graph3d.spec.ts:13:3 › WebGL draws bright boxes with COBOL content on a dark scene: files-values (1.0s)
  ✓  14 e2e/graph3d.spec.ts:13:3 › WebGL draws bright boxes with COBOL content on a dark scene: order-router (1.0s)
  ✓  15 e2e/graph3d.spec.ts:34:1 › orbit, pan, zoom, keyboard, framing and Back preserve an explored 3D camera (2.1s)
  ✓  16 e2e/graph3d.spec.ts:69:1 › raycast on a real WebGL box selects its COBOL statement and follows source (1.1s)
  ✓  17 e2e/graph3d.spec.ts:94:1 › particles animate transitions and can be paused without locking the camera (1.8s)
  ✓  18 e2e/graph3d.spec.ts:120:1 › reduced motion starts paused and repeated program switches release scenes (2.3s)
  ✓  19 e2e/graph3d.spec.ts:138:1 › reading action approaches the selected box from an overview (3.9s)
  ✓  20 e2e/graph3d.spec.ts:153:1 › layout worker failure ends loading and exposes an actionable error (517ms)
  ✘  21 e2e/graph3d.spec.ts:161:3 › selecting a box keeps camera, pivot and diagram positions unchanged in all (6.3s)
(node:1124434) Warning: The 'NO_COLOR' env is ignored due to the 'FORCE_COLOR' env being set.
(Use `node --trace-warnings ...` to show where the warning was created)
  ✓  22 e2e/graph3d.spec.ts:161:3 › selecting a box keeps camera, pivot and diagram positions unchanged in paths (2.4s)
  ✓  23 e2e/usability.spec.ts:15:1 › UX-01 producer and flow navigation preserve the investigation and Back restores it (2.0s)
  ✓  24 e2e/usability.spec.ts:39:1 › UX-02 selecting another statement preserves user zoom and exposes recenter (1.2s)
  ✓  25 e2e/usability.spec.ts:56:1 › UX-03 category searches are independent and empty results can recover (1.1s)
  ✓  26 e2e/usability.spec.ts:72:1 › UX-04 list previews distinguish sites and provenance shows precise spans (980ms)
  ✓  27 e2e/usability.spec.ts:89:1 › UX-05 both tab groups follow keyboard and panel semantics (1.2s)
  ✓  28 e2e/usability.spec.ts:108:1 › UX-06 help traps focus, Escape closes it and restores the trigger without going Back (1.2s)
  ✓  29 e2e/usability.spec.ts:126:1 › UX-07 readable metadata and usable clear action at desktop and tablet sizes (1.2s)
  ✓  30 e2e/usability.spec.ts:171:1 › UX-08 active entry counts and path destination remain unambiguous (1.6s)
  ✓  31 e2e/usability.spec.ts:187:1 › UX-09 paths and source remain fully accessible in a short laptop window (1.6s)
  ✓  32 e2e/viewing.spec.ts:22:1 › sidebar references recenter source on repeat, and paragraphs use their own provenance (2.1s)
  ✓  33 e2e/viewing.spec.ts:60:1 › viewing mode keeps only graph and source, preserves scope and zoom, Escape restores tools (1.6s)
  ✓  34 e2e/viewing.spec.ts:87:1 › mouse and keyboard resize both panes with bounds, reset and retained size (2.9s)


  1) e2e/explorer.spec.ts:200:1 › FILE values, producer navigation, SYSID, source pane and control paths 

    Error: expect(locator).toHaveAttribute(expected) failed

    Locator:  getByTestId('graph')
    Expected: "false"
    Received: "true"
    Timeout:  5000ms

    Call log:
      - Expect "toHaveAttribute" getByTestId('graph') with timeout 5000ms
      - waiting for getByTestId('graph')
        2 × locator resolved to <div data-nodes="8" data-edges="8" aria-busy="true" data-motion="on" data-textures="4" data-testid="graph" data-layout="planar" data-witness-edges="0" class="graph-surface graph3d" aria-label="Grafo de controle 3D" data-distance="447.77304500239575" data-camera="{"position":{"x":-84,"y":-151.99999999999997,"z":447.77304500239575},"target":{"x":-84,"y":-152,"z":0},"up":{"x":0,"y":1,"z":0}}">…</div>
          - unexpected value "true"
        12 × locator resolved to <div data-nodes="8" data-edges="8" aria-busy="true" data-motion="on" data-textures="3" data-testid="graph" data-layout="planar" data-witness-edges="0" class="graph-surface graph3d" aria-label="Grafo de controle 3D" data-distance="447.77304500239575" data-camera="{"position":{"x":-84,"y":-151.99999999999997,"z":447.77304500239575},"target":{"x":-84,"y":-152,"z":0},"up":{"x":0,"y":1,"z":0}}">…</div>
           - unexpected value "true"


      225 |   await expect(page.locator('.path-banner')).toHaveCount(0);
      226 |   await expect(page.getByLabel('Destacar arquivos', { exact: true })).not.toBeChecked();
    > 227 |   await expect(page.getByTestId('graph')).toHaveAttribute('aria-busy', 'false');
          |                                           ^
      228 |   await page.screenshot({ path: 'test-results/files-source.png', fullPage: true });
      229 | });
      230 |
        at /home/gustavo/workspace/teste-e2e/cobol-graph-explorer/e2e/explorer.spec.ts:227:43

    attachment #1: screenshot (image/png) ──────────────────────────────────────────────────────────
    test-results/explorer-FILE-values-produ-7554f-urce-pane-and-control-paths/test-failed-1.png
    ────────────────────────────────────────────────────────────────────────────────────────────────

    Error Context: test-results/explorer-FILE-values-produ-7554f-urce-pane-and-control-paths/error-context.md

    attachment #3: trace (application/zip) ─────────────────────────────────────────────────────────
    test-results/explorer-FILE-values-produ-7554f-urce-pane-and-control-paths/trace.zip
    Usage:

        npx playwright show-trace test-results/explorer-FILE-values-produ-7554f-urce-pane-and-control-paths/trace.zip

    ────────────────────────────────────────────────────────────────────────────────────────────────

  2) e2e/graph3d.spec.ts:161:3 › selecting a box keeps camera, pivot and diagram positions unchanged in all 

    Error: expect(locator).toHaveAttribute(expected) failed

    Locator:  locator('.graph-node-target.is-selected')
    Expected: "{\"domain\":\"cfg-node\",\"ordinal\":\"1\",\"publication\":\"4ae74b168b2e9a57a16680b88599e86c\"}"
    Received: "{\"domain\":\"cfg-node\",\"ordinal\":\"0\",\"publication\":\"4ae74b168b2e9a57a16680b88599e86c\"}"
    Timeout:  5000ms

    Call log:
      - Expect "toHaveAttribute" locator('.graph-node-target.is-selected') with timeout 5000ms
      - waiting for locator('.graph-node-target.is-selected')
        14 × locator resolved to <button aria-pressed="true" class="graph-node-target is-selected" data-position="{"x":115,"y":-152,"z":0}" aria-label="EXEC CICS LINK PROGRAM(WS-PGM) RESP(RC) END-EXEC." data-node-id="{"domain":"cfg-node","ordinal":"0","publication":"4ae74b168b2e9a57a16680b88599e86c"}">…</button>
           - unexpected value "{"domain":"cfg-node","ordinal":"0","publication":"4ae74b168b2e9a57a16680b88599e86c"}"


      176 |     const box = (await target.boundingBox())!;
      177 |     await page.mouse.click(box.x + box.width / 2, box.y + box.height / 2);
    > 178 |     await expect(page.locator('.graph-node-target.is-selected')).toHaveAttribute(
          |                                                                  ^
      179 |       'data-node-id',
      180 |       id!,
      181 |     );
        at /home/gustavo/workspace/teste-e2e/cobol-graph-explorer/e2e/graph3d.spec.ts:178:66

    attachment #1: screenshot (image/png) ──────────────────────────────────────────────────────────
    test-results/graph3d-selecting-a-box-ke-5e4ca--positions-unchanged-in-all/test-failed-1.png
    ────────────────────────────────────────────────────────────────────────────────────────────────

    Error Context: test-results/graph3d-selecting-a-box-ke-5e4ca--positions-unchanged-in-all/error-context.md

    attachment #3: trace (application/zip) ─────────────────────────────────────────────────────────
    test-results/graph3d-selecting-a-box-ke-5e4ca--positions-unchanged-in-all/trace.zip
    Usage:

        npx playwright show-trace test-results/graph3d-selecting-a-box-ke-5e4ca--positions-unchanged-in-all/trace.zip

    ────────────────────────────────────────────────────────────────────────────────────────────────

  2 failed
    e2e/explorer.spec.ts:200:1 › FILE values, producer navigation, SYSID, source pane and control paths 
    e2e/graph3d.spec.ts:161:3 › selecting a box keeps camera, pivot and diagram positions unchanged in all 
  32 passed (1.4m)
