
> cobol-graph-explorer@0.1.0 test:e2e
> playwright test

[WebServer] (node:686349) Warning: The 'NO_COLOR' env is ignored due to the 'FORCE_COLOR' env being set.
[WebServer] (Use `node --trace-warnings ...` to show where the warning was created)

Running 20 tests using 1 worker

(node:686367) Warning: The 'NO_COLOR' env is ignored due to the 'FORCE_COLOR' env being set.
(Use `node --trace-warnings ...` to show where the warning was created)
  ✓   1 e2e/explorer.spec.ts:10:1 › call navigation, provenance, candidates, paths, witness, source and debug (1.3s)
  ✓   2 e2e/explorer.spec.ts:39:1 › search, paragraph navigation and local neighborhood (1.2s)
  ✓   3 e2e/explorer.spec.ts:56:1 › 503 node graph stays navigable and limits DOM to viewport (3.5s)
  ✓   4 e2e/explorer.spec.ts:71:1 › nested program entry switches exact identity scopes (639ms)
  ✓   5 e2e/explorer.spec.ts:82:1 › import real bundle; malformed and mismatched files preserve the current program (829ms)
  ✓   6 e2e/explorer.spec.ts:107:1 › local files remain local; no unexpected network destination (574ms)
  ✓   7 e2e/explorer.spec.ts:116:1 › keyboard selection and tablet width keep program tools available (767ms)
  ✓   8 e2e/explorer.spec.ts:131:1 › Back restores paragraph, selection and exact viewport after highlighting paths (1.7s)
  ✓   9 e2e/explorer.spec.ts:162:1 › full source pane follows selection, supports COPY and closes without changing the graph (859ms)
  ✓  10 e2e/explorer.spec.ts:197:1 › FILE values, producer navigation, SYSID, source pane and control paths (1.4s)
  ✓  11 e2e/explorer.spec.ts:228:1 › source pane fits a tablet and reports a missing original instead of substituting expanded text (960ms)
  ✓  12 e2e/usability.spec.ts:16:1 › UX-01 producer and flow navigation preserve the investigation and Back restores it (1.2s)
  ✓  13 e2e/usability.spec.ts:40:1 › UX-02 selecting another statement preserves user zoom and exposes recenter (773ms)
  ✓  14 e2e/usability.spec.ts:57:1 › UX-03 category searches are independent and empty results can recover (808ms)
  ✓  15 e2e/usability.spec.ts:73:1 › UX-04 list previews distinguish sites and provenance shows precise spans (685ms)
  ✓  16 e2e/usability.spec.ts:89:1 › UX-05 both tab groups follow keyboard and panel semantics (768ms)
  ✓  17 e2e/usability.spec.ts:108:1 › UX-06 help traps focus, Escape closes it and restores the trigger without going Back (847ms)
  ✓  18 e2e/usability.spec.ts:126:1 › UX-07 readable metadata and usable clear action at desktop and tablet sizes (743ms)
  ✓  19 e2e/usability.spec.ts:171:1 › UX-08 active entry counts and path destination remain unambiguous (1.2s)
  ✓  20 e2e/usability.spec.ts:187:1 › UX-09 paths and source remain fully accessible in a short laptop window (1.0s)

  20 passed (22.8s)
