
> cobol-graph-explorer@0.1.0 test:e2e
> playwright test

[WebServer] (node:682905) Warning: The 'NO_COLOR' env is ignored due to the 'FORCE_COLOR' env being set.
[WebServer] (Use `node --trace-warnings ...` to show where the warning was created)

Running 19 tests using 1 worker

(node:682923) Warning: The 'NO_COLOR' env is ignored due to the 'FORCE_COLOR' env being set.
(Use `node --trace-warnings ...` to show where the warning was created)
  ✓   1 e2e/explorer.spec.ts:10:1 › call navigation, provenance, candidates, paths, witness, source and debug (1.3s)
  ✓   2 e2e/explorer.spec.ts:39:1 › search, paragraph navigation and local neighborhood (1.2s)
  ✓   3 e2e/explorer.spec.ts:56:1 › 503 node graph stays navigable and limits DOM to viewport (3.6s)
  ✓   4 e2e/explorer.spec.ts:71:1 › nested program entry switches exact identity scopes (658ms)
  ✓   5 e2e/explorer.spec.ts:82:1 › import real bundle; malformed and mismatched files preserve the current program (812ms)
  ✓   6 e2e/explorer.spec.ts:107:1 › local files remain local; no unexpected network destination (577ms)
  ✓   7 e2e/explorer.spec.ts:116:1 › keyboard selection and tablet width keep program tools available (749ms)
  ✓   8 e2e/explorer.spec.ts:131:1 › Back restores paragraph, selection and exact viewport after highlighting paths (2.2s)
  ✓   9 e2e/explorer.spec.ts:162:1 › full source pane follows selection, supports COPY and closes without changing the graph (875ms)
  ✓  10 e2e/explorer.spec.ts:197:1 › FILE values, producer navigation, SYSID, source pane and control paths (1.4s)
  ✓  11 e2e/explorer.spec.ts:228:1 › source pane fits a tablet and reports a missing original instead of substituting expanded text (960ms)
  ✓  12 e2e/usability.spec.ts:16:1 › UX-01 producer and flow navigation preserve the investigation and Back restores it (1.2s)
  ✓  13 e2e/usability.spec.ts:40:1 › UX-02 selecting another statement preserves user zoom and exposes recenter (789ms)
  ✓  14 e2e/usability.spec.ts:57:1 › UX-03 category searches are independent and empty results can recover (797ms)
  ✓  15 e2e/usability.spec.ts:73:1 › UX-04 list previews distinguish sites and provenance shows precise spans (680ms)
  ✓  16 e2e/usability.spec.ts:89:1 › UX-05 both tab groups follow keyboard and panel semantics (753ms)
  ✘  17 e2e/usability.spec.ts:108:1 › UX-06 help traps focus, Escape closes it and restores the trigger without going Back (898ms)
(node:683436) Warning: The 'NO_COLOR' env is ignored due to the 'FORCE_COLOR' env being set.
(Use `node --trace-warnings ...` to show where the warning was created)
  ✓  18 e2e/usability.spec.ts:126:1 › UX-07 readable metadata and usable clear action at desktop and tablet sizes (804ms)
  ✓  19 e2e/usability.spec.ts:171:1 › UX-08 active entry counts and path destination remain unambiguous (1.2s)


  1) e2e/usability.spec.ts:108:1 › UX-06 help traps focus, Escape closes it and restores the trigger without going Back 

    Error: expect(received).toBe(expected) // Object.is equality

    Expected: true
    Received: false

      116 |   for (let i = 0; i < 4; i++) {
      117 |     await page.keyboard.press('Tab');
    > 118 |     expect(await dialog.evaluate((el) => el.contains(document.activeElement))).toBe(true);
          |                                                                                ^
      119 |   }
      120 |   await page.keyboard.press('Escape');
      121 |   await expect(dialog).toHaveCount(0);
        at /home/gustavo/workspace/teste-e2e/cobol-graph-explorer/e2e/usability.spec.ts:118:80

    attachment #1: screenshot (image/png) ──────────────────────────────────────────────────────────
    test-results/usability-UX-06-help-traps-ec984--trigger-without-going-Back/test-failed-1.png
    ────────────────────────────────────────────────────────────────────────────────────────────────

    Error Context: test-results/usability-UX-06-help-traps-ec984--trigger-without-going-Back/error-context.md

    attachment #3: trace (application/zip) ─────────────────────────────────────────────────────────
    test-results/usability-UX-06-help-traps-ec984--trigger-without-going-Back/trace.zip
    Usage:

        npx playwright show-trace test-results/usability-UX-06-help-traps-ec984--trigger-without-going-Back/trace.zip

    ────────────────────────────────────────────────────────────────────────────────────────────────

  1 failed
    e2e/usability.spec.ts:108:1 › UX-06 help traps focus, Escape closes it and restores the trigger without going Back 
  18 passed (23.0s)
