
> cobol-graph-explorer@0.1.0 validate
> npm test && npm run build && npm run test:e2e


> cobol-graph-explorer@0.1.0 test
> vitest run


 RUN  v3.2.7 /home/gustavo/workspace/teste-e2e/cobol-graph-explorer

 ✓ tests/model.test.ts (54 tests) 10721ms
   ✓ Real analyzer artifacts > preserves all published nodes, edges, links and candidates: large  1257ms
   ✓ Real analyzer artifacts > preserves all published nodes, edges, links and candidates: carddemo-coactupc  4080ms
   ✓ Real analyzer artifacts > large graph query finishes without enumerating exponentially many paths  703ms
   ✓ COACTUPC keeps source candidates separate from unreachable control sites  3750ms

 Test Files  1 passed (1)
      Tests  54 passed (54)
   Start at  10:26:28
   Duration  11.82s (transform 232ms, setup 0ms, collect 241ms, tests 10.72s, environment 0ms, prepare 243ms)


> cobol-graph-explorer@0.1.0 build
> tsc -b && vite build

vite v7.3.6 building client environment for production...
transforming...
✓ 1916 modules transformed.
rendering chunks...
computing gzip size...
dist/index.html                             0.42 kB │ gzip:   0.30 kB
dist/assets/elk-worker.min-C9JGDOE-.js  1,593.72 kB
dist/assets/index-lq0FaCaW.css             42.85 kB │ gzip:   8.58 kB
dist/assets/index-sEv5tV4v.js             484.21 kB │ gzip: 155.84 kB
✓ built in 4.29s

> cobol-graph-explorer@0.1.0 test:e2e
> playwright test

[WebServer] (node:808582) Warning: The 'NO_COLOR' env is ignored due to the 'FORCE_COLOR' env being set.
[WebServer] (Use `node --trace-warnings ...` to show where the warning was created)

Running 26 tests using 1 worker

(node:808699) Warning: The 'NO_COLOR' env is ignored due to the 'FORCE_COLOR' env being set.
(Use `node --trace-warnings ...` to show where the warning was created)
  ✓   1 e2e/carddemo.spec.ts:3:1 › real COACTUPC: graph, COPY, source evidence, FILE limits, paths and paragraphs (44.3s)
  ✓   2 e2e/explorer.spec.ts:10:1 › call navigation, provenance, candidates, paths, witness, source and debug (3.5s)
  ✓   3 e2e/explorer.spec.ts:39:1 › search, paragraph navigation and local neighborhood (3.3s)
  ✘   4 e2e/explorer.spec.ts:56:1 › 503 node graph stays navigable and limits DOM to viewport (7.2s)
(node:812599) Warning: The 'NO_COLOR' env is ignored due to the 'FORCE_COLOR' env being set.
(Use `node --trace-warnings ...` to show where the warning was created)
  ✓   5 e2e/explorer.spec.ts:71:1 › nested program entry switches exact identity scopes (2.3s)
  ✓   6 e2e/explorer.spec.ts:82:1 › import real bundle; malformed and mismatched files preserve the current program (2.9s)
  ✓   7 e2e/explorer.spec.ts:107:1 › local files remain local; no unexpected network destination (1.9s)
  ✓   8 e2e/explorer.spec.ts:116:1 › keyboard selection and tablet width keep program tools available (2.7s)
  ✓   9 e2e/explorer.spec.ts:131:1 › Back restores paragraph, selection and exact viewport after highlighting paths (5.5s)
  ✓  10 e2e/explorer.spec.ts:162:1 › full source pane follows selection, supports COPY and closes without changing the graph (2.9s)
  ✓  11 e2e/explorer.spec.ts:197:1 › FILE values, producer navigation, SYSID, source pane and control paths (4.7s)
  ✓  12 e2e/explorer.spec.ts:228:1 › source pane fits a tablet and reports a missing original instead of substituting expanded text (2.9s)
  ✓  13 e2e/usability.spec.ts:16:1 › UX-01 producer and flow navigation preserve the investigation and Back restores it (3.8s)
  ✓  14 e2e/usability.spec.ts:40:1 › UX-02 selecting another statement preserves user zoom and exposes recenter (2.4s)
  ✓  15 e2e/usability.spec.ts:57:1 › UX-03 category searches are independent and empty results can recover (2.5s)
  ✓  16 e2e/usability.spec.ts:73:1 › UX-04 list previews distinguish sites and provenance shows precise spans (2.0s)
  ✓  17 e2e/usability.spec.ts:90:1 › UX-05 both tab groups follow keyboard and panel semantics (2.4s)
  ✓  18 e2e/usability.spec.ts:109:1 › UX-06 help traps focus, Escape closes it and restores the trigger without going Back (2.5s)
  ✓  19 e2e/usability.spec.ts:127:1 › UX-07 readable metadata and usable clear action at desktop and tablet sizes (2.2s)
  ✓  20 e2e/usability.spec.ts:172:1 › UX-08 active entry counts and path destination remain unambiguous (3.6s)
  ✓  21 e2e/usability.spec.ts:188:1 › UX-09 paths and source remain fully accessible in a short laptop window (3.7s)
  ✓  22 e2e/viewing.spec.ts:25:3 › dark canvas and minimap keep nodes visible inside and outside the viewport: files-values (2.0s)
  ✓  23 e2e/viewing.spec.ts:25:3 › dark canvas and minimap keep nodes visible inside and outside the viewport: order-router (1.7s)
  ✓  24 e2e/viewing.spec.ts:83:1 › sidebar references recenter source on repeat, and paragraphs use their own provenance (5.2s)
  ✓  25 e2e/viewing.spec.ts:121:1 › viewing mode keeps only graph and source, preserves scope and zoom, Escape restores tools (3.7s)
  ✓  26 e2e/viewing.spec.ts:148:1 › mouse and keyboard resize both panes with bounds, reset and retained size (4.7s)


  1) e2e/explorer.spec.ts:56:1 › 503 node graph stays navigable and limits DOM to viewport ─────────

    Error: expect(locator).toHaveAttribute(expected) failed

    Locator:  getByTestId('graph')
    Expected: "false"
    Received: "true"
    Timeout:  5000ms

    Call log:
      - Expect "toHaveAttribute" getByTestId('graph') with timeout 5000ms
      - waiting for getByTestId('graph')
        7 × locator resolved to <div aria-busy="true" data-testid="graph" class="graph-surface" aria-label="Grafo de controle">…</div>
          - unexpected value "true"


      4 | async function ready(page: any, example = 'order-router') {
      5 |   await page.goto('/?example=' + example);
    > 6 |   await expect(page.getByTestId('graph')).toHaveAttribute('aria-busy', 'false');
        |                                           ^
      7 |   await expect(page.locator('.graph-card').first()).toBeVisible();
      8 |   await expect(page.getByRole('alert')).toHaveCount(0);
      9 | }
        at ready (/home/gustavo/workspace/teste-e2e/cobol-graph-explorer/e2e/explorer.spec.ts:6:43)
        at /home/gustavo/workspace/teste-e2e/cobol-graph-explorer/e2e/explorer.spec.ts:57:3

    attachment #1: screenshot (image/png) ──────────────────────────────────────────────────────────
    test-results/explorer-503-node-graph-st-4f896--and-limits-DOM-to-viewport/test-failed-1.png
    ────────────────────────────────────────────────────────────────────────────────────────────────

    Error Context: test-results/explorer-503-node-graph-st-4f896--and-limits-DOM-to-viewport/error-context.md

    attachment #3: trace (application/zip) ─────────────────────────────────────────────────────────
    test-results/explorer-503-node-graph-st-4f896--and-limits-DOM-to-viewport/trace.zip
    Usage:

        npx playwright show-trace test-results/explorer-503-node-graph-st-4f896--and-limits-DOM-to-viewport/trace.zip

    ────────────────────────────────────────────────────────────────────────────────────────────────

  1 failed
    e2e/explorer.spec.ts:56:1 › 503 node graph stays navigable and limits DOM to viewport ──────────
  25 passed (2.2m)
